2026.03.16 20:07:11 INFO  Started: Metals version 1.6.6 in folders 'C:\Users\poude\OneDrive\Desktop\Programming-Homework\Java\rallychampionship' for client Visual Studio Code 1.111.0.
2026.03.16 20:07:11 INFO  Memory monitor started
2026.03.16 20:07:12 WARN  Using H2 2.4.240 which is newer than the version Flyway has been verified with. The latest verified version of H2 is 2.3.232.
2026.03.16 20:07:12 INFO  no build target found for C:\Users\poude\OneDrive\Desktop\Programming-Homework\Java\rallychampionship\src\main\java\com\rallychampionship\AsphaltCar.java. Using fallback presentation compiler.
2026.03.16 20:07:13 INFO  no build target found for C:\Users\poude\OneDrive\Desktop\Programming-Homework\Java\rallychampionship\src\main\java\com\rallychampionship\AsphaltCar.java. Using fallback presentation compiler.
2026.03.16 20:07:14 INFO  no build target found for C:\Users\poude\OneDrive\Desktop\Programming-Homework\Java\rallychampionship\src\main\java\com\rallychampionship\AsphaltCar.java. Using fallback presentation compiler.
2026.03.16 20:07:14 INFO  no build target found for C:\Users\poude\OneDrive\Desktop\Programming-Homework\Java\rallychampionship\src\main\java\com\rallychampionship\AsphaltCar.java. Using fallback presentation compiler.
Mar 16, 2026 8:07:14 PM org.eclipse.lsp4j.jsonrpc.RemoteEndpoint handleCancellation
WARNING: Unmatched cancel notification for request id 9
2026.03.16 20:07:14 INFO  no build target found for C:\Users\poude\OneDrive\Desktop\Programming-Homework\Java\rallychampionship\src\main\java\com\rallychampionship\AsphaltCar.java. Using fallback presentation compiler.
Mar 16, 2026 8:07:14 PM org.eclipse.lsp4j.jsonrpc.RemoteEndpoint handleCancellation
WARNING: Unmatched cancel notification for request id 10
2026.03.16 20:07:14 INFO  no build target found for C:\Users\poude\OneDrive\Desktop\Programming-Homework\Java\rallychampionship\src\main\java\com\rallychampionship\AsphaltCar.java. Using fallback presentation compiler.
2026.03.16 20:07:14 INFO  no build target found for C:\Users\poude\OneDrive\Desktop\Programming-Homework\Java\rallychampionship\src\main\java\com\rallychampionship\AsphaltCar.java. Using fallback presentation compiler.
2026.03.16 20:07:15 INFO  no build target found for C:\Users\poude\OneDrive\Desktop\Programming-Homework\Java\rallychampionship\src\main\java\com\rallychampionship\AsphaltCar.java. Using fallback presentation compiler.
2026.03.16 20:07:16 INFO  no build target found for C:\Users\poude\OneDrive\Desktop\Programming-Homework\Java\rallychampionship\src\main\java\com\rallychampionship\AsphaltCar.java. Using fallback presentation compiler.
2026.03.16 20:07:18 INFO  no build target found for C:\Users\poude\OneDrive\Desktop\Programming-Homework\Java\rallychampionship\src\main\java\com\rallychampionship\AsphaltCar.java. Using fallback presentation compiler.
2026.03.16 20:07:22 INFO  no build target found for C:\Users\poude\OneDrive\Desktop\Programming-Homework\Java\rallychampionship\src\main\java\com\rallychampionship\AsphaltCar.java. Using fallback presentation compiler.
2026.03.16 20:07:22 INFO  no build target found for C:\Users\poude\OneDrive\Desktop\Programming-Homework\Java\rallychampionship\src\main\java\com\rallychampionship\AsphaltCar.java. Using fallback presentation compiler.
2026.03.16 20:07:24 INFO  no build target found for C:\Users\poude\OneDrive\Desktop\Programming-Homework\Java\rallychampionship\src\main\java\com\rallychampionship\AsphaltCar.java. Using fallback presentation compiler.
2026.03.16 20:07:49 INFO  no build target found for C:\Users\poude\OneDrive\Desktop\Programming-Homework\Java\rallychampionship\src\main\java\com\rallychampionship\AsphaltCar.java. Using fallback presentation compiler.
2026.03.16 20:07:49 INFO  no build target found for C:\Users\poude\OneDrive\Desktop\Programming-Homework\Java\rallychampionship\src\test\java\com\rallychampionship\AppTest.java. Using fallback presentation compiler.
2026.03.16 20:07:49 INFO  no build target found for C:\Users\poude\OneDrive\Desktop\Programming-Homework\Java\rallychampionship\src\test\java\com\rallychampionship\AppTest.java. Using fallback presentation compiler.Mar 16, 2026 8:07:49 PM org.eclipse.lsp4j.jsonrpc.RemoteEndpoint handleCancellation
WARNING: Unmatched cancel notification for request id 26

2026.03.16 20:07:49 INFO  no build target found for C:\Users\poude\OneDrive\Desktop\Programming-Homework\Java\rallychampionship\src\test\java\com\rallychampionship\AppTest.java. Using fallback presentation compiler.
2026.03.16 20:07:49 INFO  no build target found for C:\Users\poude\OneDrive\Desktop\Programming-Homework\Java\rallychampionship\src\test\java\com\rallychampionship\AppTest.java. Using fallback presentation compiler.
2026.03.16 20:07:58 INFO  no build target found for C:\Users\poude\OneDrive\Desktop\Programming-Homework\Java\rallychampionship\src\test\java\com\rallychampionship\AppTest.java. Using fallback presentation compiler.
2026.03.16 20:07:58 INFO  no build target found for C:\Users\poude\OneDrive\Desktop\Programming-Homework\Java\rallychampionship\src\main\java\com\rallychampionship\RaceResult.java. Using fallback presentation compiler.
2026.03.16 20:07:58 INFO  no build target found for C:\Users\poude\OneDrive\Desktop\Programming-Homework\Java\rallychampionship\src\main\java\com\rallychampionship\RaceResult.java. Using fallback presentation compiler.
Mar 16, 2026 8:07:58 PM org.eclipse.lsp4j.jsonrpc.RemoteEndpoint handleCancellation
WARNING: Unmatched cancel notification for request id 35
2026.03.16 20:07:58 INFO  no build target found for C:\Users\poude\OneDrive\Desktop\Programming-Homework\Java\rallychampionship\src\main\java\com\rallychampionship\RaceResult.java. Using fallback presentation compiler.
2026.03.16 20:08:00 INFO  no build target found for C:\Users\poude\OneDrive\Desktop\Programming-Homework\Java\rallychampionship\src\main\java\com\rallychampionship\RaceResult.java. Using fallback presentation compiler.
2026.03.16 20:08:00 INFO  no build target found for C:\Users\poude\OneDrive\Desktop\Programming-Homework\Java\rallychampionship\src\test\java\com\rallychampionship\AppTest.java. Using fallback presentation compiler.
2026.03.16 20:08:00 INFO  no build target found for C:\Users\poude\OneDrive\Desktop\Programming-Homework\Java\rallychampionship\src\test\java\com\rallychampionship\AppTest.java. Using fallback presentation compiler.
2026.03.16 20:08:00 INFO  no build target found for C:\Users\poude\OneDrive\Desktop\Programming-Homework\Java\rallychampionship\src\test\java\com\rallychampionship\AppTest.java. Using fallback presentation compiler.
2026.03.16 20:08:32 INFO  no build target found for C:\Users\poude\OneDrive\Desktop\Programming-Homework\Java\rallychampionship\src\test\java\com\rallychampionship\AppTest.java. Using fallback presentation compiler.
2026.03.16 20:08:32 INFO  no build target found for C:\Users\poude\OneDrive\Desktop\Programming-Homework\Java\rallychampionship\src\main\java\com\rallychampionship\RallyChampionship.java. Using fallback presentation compiler.
2026.03.16 20:08:32 INFO  no build target found for C:\Users\poude\OneDrive\Desktop\Programming-Homework\Java\rallychampionship\src\main\java\com\rallychampionship\RallyChampionship.java. Using fallback presentation compiler.
2026.03.16 20:08:32 INFO  no build target found for C:\Users\poude\OneDrive\Desktop\Programming-Homework\Java\rallychampionship\src\main\java\com\rallychampionship\RallyChampionship.java. Using fallback presentation compiler.
Mar 16, 2026 8:08:32 PM org.eclipse.lsp4j.jsonrpc.RemoteEndpoint handleCancellation
WARNING: Unmatched cancel notification for request id 52
2026.03.16 20:08:34 INFO  no build target found for C:\Users\poude\OneDrive\Desktop\Programming-Homework\Java\rallychampionship\src\main\java\com\rallychampionship\RallyChampionship.java. Using fallback presentation compiler.
2026.03.16 20:08:38 INFO  no build target found for C:\Users\poude\OneDrive\Desktop\Programming-Homework\Java\rallychampionship\src\main\java\com\rallychampionship\RallyChampionship.java. Using fallback presentation compiler.
Mar 16, 2026 8:08:38 PM org.eclipse.lsp4j.jsonrpc.services.GenericEndpoint notify
INFO: Unsupported notification method: $/setTrace
2026.03.16 20:08:38 INFO  no build target found for C:\Users\poude\OneDrive\Desktop\Programming-Homework\Java\rallychampionship\src\main\java\com\rallychampionship\RallyChampionship.java. Using fallback presentation compiler.
Mar 16, 2026 8:08:40 PM org.eclipse.lsp4j.jsonrpc.services.GenericEndpoint notify
INFO: Unsupported notification method: $/setTrace
2026.03.16 20:08:40 INFO  no build target found for C:\Users\poude\OneDrive\Desktop\Programming-Homework\Java\rallychampionship\src\main\java\com\rallychampionship\RallyChampionship.java. Using fallback presentation compiler.
2026.03.16 20:08:42 INFO  no build target found for C:\Users\poude\OneDrive\Desktop\Programming-Homework\Java\rallychampionship\src\main\java\com\rallychampionship\RallyChampionship.java. Using fallback presentation compiler.
2026.03.16 20:18:56 INFO  Shutting down server
2026.03.16 20:18:56 INFO  Memory monitor stopped
2026.03.16 20:18:56 INFO  shutting down Metals
2026.03.16 20:18:56 INFO  Exiting server
2026.03.16 20:19:17 INFO  Started: Metals version 1.6.6 in folders 'C:\Users\poude\OneDrive\Desktop\Programming-Homework\Java\rallychampionship' for client Visual Studio Code 1.111.0.
2026.03.16 20:19:17 INFO  Memory monitor started
2026.03.16 20:19:19 WARN  Using H2 2.4.240 which is newer than the version Flyway has been verified with. The latest verified version of H2 is 2.3.232.
2026.03.16 20:19:19 INFO  no build target found for C:\Users\poude\OneDrive\Desktop\Programming-Homework\Java\rallychampionship\src\main\java\com\rallychampionship\RallyChampionship.java. Using fallback presentation compiler.
Mar 16, 2026 8:19:20 PM org.eclipse.lsp4j.jsonrpc.RemoteEndpoint handleCancellation
WARNING: Unmatched cancel notification for request id 2
2026.03.16 20:19:20 INFO  no build target found for C:\Users\poude\OneDrive\Desktop\Programming-Homework\Java\rallychampionship\src\main\java\com\rallychampionship\RallyChampionship.java. Using fallback presentation compiler.
2026.03.16 20:19:20 INFO  no build target found for C:\Users\poude\OneDrive\Desktop\Programming-Homework\Java\rallychampionship\src\main\java\com\rallychampionship\RallyChampionship.java. Using fallback presentation compiler.
2026.03.16 20:19:20 INFO  no build target found for C:\Users\poude\OneDrive\Desktop\Programming-Homework\Java\rallychampionship\src\main\java\com\rallychampionship\RallyChampionship.java. Using fallback presentation compiler.
2026.03.16 20:19:20 INFO  no build target found for C:\Users\poude\OneDrive\Desktop\Programming-Homework\Java\rallychampionship\src\main\java\com\rallychampionship\RallyChampionship.java. Using fallback presentation compiler.
Mar 16, 2026 8:19:20 PM org.eclipse.lsp4j.jsonrpc.RemoteEndpoint handleCancellation
WARNING: Unmatched cancel notification for request id 7
Mar 16, 2026 8:19:20 PM org.eclipse.lsp4j.jsonrpc.RemoteEndpoint handleCancellation
WARNING: Unmatched cancel notification for request id 9
Mar 16, 2026 8:19:20 PM org.eclipse.lsp4j.jsonrpc.RemoteEndpoint handleCancellation
WARNING: Unmatched cancel notification for request id 3
Mar 16, 2026 8:19:20 PM org.eclipse.lsp4j.jsonrpc.RemoteEndpoint handleCancellation
WARNING: Unmatched cancel notification for request id 10
2026.03.16 20:19:20 INFO  no build target found for C:\Users\poude\OneDrive\Desktop\Programming-Homework\Java\rallychampionship\src\main\java\com\rallychampionship\RallyChampionship.java. Using fallback presentation compiler.
Mar 16, 2026 8:19:22 PM org.eclipse.lsp4j.jsonrpc.RemoteEndpoint handleCancellation
WARNING: Unmatched cancel notification for request id 12
2026.03.16 20:19:22 INFO  no build target found for C:\Users\poude\OneDrive\Desktop\Programming-Homework\Java\rallychampionship\src\main\java\com\rallychampionship\RallyChampionship.java. Using fallback presentation compiler.
2026.03.16 20:19:22 INFO  no build target found for C:\Users\poude\OneDrive\Desktop\Programming-Homework\Java\rallychampionship\src\main\java\com\rallychampionship\RallyChampionship.java. Using fallback presentation compiler.
2026.03.16 20:19:22 INFO  no build target found for C:\Users\poude\OneDrive\Desktop\Programming-Homework\Java\rallychampionship\src\main\java\com\rallychampionship\RallyChampionship.java. Using fallback presentation compiler.
2026.03.16 20:19:24 INFO  no build target found for C:\Users\poude\OneDrive\Desktop\Programming-Homework\Java\rallychampionship\src\main\java\com\rallychampionship\RallyChampionship.java. Using fallback presentation compiler.
2026.03.16 20:23:32 INFO  Shutting down server
2026.03.16 20:23:32 INFO  Memory monitor stopped
2026.03.16 20:23:32 INFO  shutting down Metals
2026.03.16 20:23:32 INFO  Exiting server
2026.03.16 20:23:32 ERROR Unexpected error initializing server: 
org.eclipse.lsp4j.jsonrpc.ResponseErrorException: Request window/showMessageRequest failed with message: Canceled
	at org.eclipse.lsp4j.jsonrpc.RemoteEndpoint.handleResponse(RemoteEndpoint.java:214)
	at org.eclipse.lsp4j.jsonrpc.RemoteEndpoint.consume(RemoteEndpoint.java:198)
	at org.eclipse.lsp4j.jsonrpc.json.StreamMessageProducer.handleMessage(StreamMessageProducer.java:189)
	at org.eclipse.lsp4j.jsonrpc.json.StreamMessageProducer.listen(StreamMessageProducer.java:97)
	at org.eclipse.lsp4j.jsonrpc.json.ConcurrentMessageProcessor.run(ConcurrentMessageProcessor.java:97)
	at java.util.concurrent.Executors$RunnableAdapter.call(Executors.java:572)
	at java.util.concurrent.FutureTask.run(FutureTask.java:317)
	at java.util.concurrent.ThreadPoolExecutor.runWorker(ThreadPoolExecutor.java:1144)
	at java.util.concurrent.ThreadPoolExecutor$Worker.run(ThreadPoolExecutor.java:642)
	at java.lang.Thread.run(Thread.java:1583)

